// Jest Snapshot v1, https://goo.gl/fbAQLP

exports[`Snapshots should match snapshot 1`] = `
<View
  collapsable={true}
  pointerEvents="box-none"
  style={
    Object {
      "flex": 1,
    }
  }
>
  <svg
    fill="#231B22"
    height={16}
    width={16}
  >
    <circle
      cx="16"
      cy="16"
      r="16"
    />
  </svg>
</View>
`;
