// Jest Snapshot v1, https://goo.gl/fbAQLP

exports[`<RadioGroup /> <RadioGroup.Radio /> Snapshots should match snapshot with default radio 1`] = `
.c2 {
  position: relative;
  display: block;
  pointer-events: none;
  width: 20px;
  height: 20px;
  border-width: 2px;
  border-style: solid;
  border-color: #9898A6;
  border-radius: 9999px;
}

.c4 {
  border: 0;
  height: 0;
  margin: 0;
  opacity: 0;
  overflow: hidden;
  padding: 0;
  position: absolute;
  width: 0;
  top: 0;
  left: 0;
  width: 100%;
  height: 100%;
}

.c0 {
  position: relative;
  width: 20px;
  height: 20px;
}

.c0:hover .c3 {
  cursor: pointer;
}

.c0:hover .c1 {
  z-index: 1;
  box-shadow: 0 0 0 8px rgba(245,245,250,0.25);
  background-color: rgba(245,245,250,0.25);
}

.c0:active .c1 {
  box-shadow: 0 0 0 8px rgba(245,245,250,0.75);
  background-color: rgba(245,245,250,0.75);
}

<div>
  <div
    class="c0"
  >
    <span
      class="c1 c2"
    />
    <input
      class="c3 c4"
      type="radio"
      value=""
    />
  </div>
</div>
`;
