// Jest Snapshot v1, https://goo.gl/fbAQLP

exports[`<Card /> Snapshots should match snapshot with default Card 1`] = `
.c1 {
  box-sizing: border-box;
  outline: none;
  -webkit-transition: all 0.2s;
  transition: all 0.2s;
  cursor: pointer;
  display: -webkit-box;
  display: -webkit-flex;
  display: -ms-flexbox;
  display: flex;
  -webkit-align-items: center;
  -webkit-box-align: center;
  -ms-flex-align: center;
  align-items: center;
  -webkit-box-pack: center;
  -webkit-justify-content: center;
  -ms-flex-pack: center;
  justify-content: center;
  width: auto;
  height: 48px;
  padding-left: 24px;
  padding-right: 24px;
  background-color: #D8385E;
  border: none;
  border-radius: 9999px;
  color: #FFFFFF;
  font-size: 16px;
  font-weight: 500;
  font-family: Rubik;
  -webkit-letter-spacing: normal;
  -moz-letter-spacing: normal;
  -ms-letter-spacing: normal;
  letter-spacing: normal;
  line-height: 1;
  -webkit-text-decoration: none;
  text-decoration: none;
}

.c1 svg {
  width: 24px;
  height: 24px;
  fill: #FFFFFF;
  margin-right: 8px;
  -webkit-transition: fill 0.2s;
  transition: fill 0.2s;
}

.c1:not([disabled]):hover,
.c1:not([disabled]):focus {
  box-shadow: 0 4px 8px rgba(216,56,94,0.45);
}

.c1:active {
  background-color: rgba(216,56,94,0.75);
  color: #FFFFFF;
}

.c1:active svg {
  fill: #FFFFFF;
}

.c1:disabled {
  background-color: #F5F5FA;
  color: #D7D7E0;
  cursor: not-allowed;
}

.c1:disabled svg {
  fill: #D7D7E0;
}

.c0 {
  padding: 16px  16px  16px  16px;
  border-radius: 8px;
  background-color: #FFFFFF;
  box-shadow: 0 2px 6px rgba(152,152,166,0.25);
}

<div>
  <section
    class="c0"
  >
    <header
      class=""
    >
      Hello World
    </header>
    <div
      class=""
    >
      It's fine here
    </div>
    <footer
      class=""
    >
      <button
        class="c1"
      >
        Action's children must be Button
      </button>
    </footer>
  </section>
</div>
`;
