// Jest Snapshot v1, https://goo.gl/fbAQLP

exports[`<Result /> should match snapshot 1`] = `
<View
  collapsable={true}
  pointerEvents="box-none"
  style={
    Object {
      "flex": 1,
    }
  }
>
  <View
    display="flex"
    divided={true}
    flexDirection="row"
    style={
      Array [
        Object {
          "borderBottomColor": "#D7D7E0",
          "borderBottomWidth": 1,
          "display": "flex",
          "flexDirection": "row",
          "width": "100%",
        },
      ]
    }
  >
    <View
      alignItems="center"
      bgColor="elements.selectionAndIcons"
      borderRadius="circle"
      boxShadow="small"
      display="flex"
      height={48}
      justifyContent="center"
      style={
        Array [
          Object {
            "alignItems": "center",
            "backgroundColor": "#9898A6",
            "borderRadius": 9999,
            "display": "flex",
            "height": 48,
            "justifyContent": "center",
            "shadowColor": "rgba(152, 152, 166, 0.25)",
            "shadowOffset": Object {
              "height": 2,
              "width": 0,
            },
            "shadowOpacity": 1,
            "shadowRadius": 6,
            "width": 48,
          },
          Object {
            "elevation": 4,
          },
        ]
      }
      width={48}
    >
      <RNSVGSvgView
        bbHeight="50%"
        bbWidth="50%"
        fill="#FFFFFF"
        focusable={false}
        height="50%"
        style={
          Array [
            Object {
              "backgroundColor": "transparent",
              "borderWidth": 0,
            },
            undefined,
            Object {
              "opacity": 1,
            },
            Object {
              "flex": 0,
              "height": "50%",
              "width": "50%",
            },
          ]
        }
        width="50%"
      >
        <RNSVGGroup
          fill={
            Array [
              0,
              4294967295,
            ]
          }
          fillOpacity={1}
          fillRule={1}
          font={Object {}}
          matrix={
            Array [
              1,
              0,
              0,
              1,
              0,
              0,
            ]
          }
          opacity={1}
          originX={0}
          originY={0}
          propList={
            Array [
              "fill",
            ]
          }
          rotation={0}
          scaleX={1}
          scaleY={1}
          skewX={0}
          skewY={0}
          stroke={null}
          strokeDasharray={null}
          strokeDashoffset={null}
          strokeLinecap={0}
          strokeLinejoin={0}
          strokeMiterlimit={4}
          strokeOpacity={1}
          strokeWidth={1}
          vectorEffect={0}
          x={0}
          y={0}
        />
      </RNSVGSvgView>
    </View>
    <View
      style={
        Array [
          Object {
            "flexBasis": 0,
            "flexGrow": 1,
            "flexShrink": 1,
            "marginBottom": 24,
            "marginLeft": 16,
          },
        ]
      }
    >
      <Text
        numberOfLines={1}
        size="xsmall"
        style={
          Array [
            Object {
              "color": "#231B22",
              "fontFamily": "Rubik",
              "fontSize": 12,
              "fontWeight": "400",
              "maxWidth": 288,
            },
          ]
        }
        textAlignVertical="bottom"
      >
        <View
          style={
            Array [
              Object {
                "height": 16,
                "width": 16,
              },
            ]
          }
        >
          <RNSVGSvgView
            bbHeight="100%"
            bbWidth="100%"
            fill="#9898A6"
            focusable={false}
            height="100%"
            style={
              Array [
                Object {
                  "backgroundColor": "transparent",
                  "borderWidth": 0,
                },
                Object {
                  "marginTop": 3,
                },
                Object {
                  "opacity": 1,
                },
                Object {
                  "flex": 0,
                  "height": "100%",
                  "width": "100%",
                },
              ]
            }
            width="100%"
          >
            <RNSVGGroup
              fill={
                Array [
                  0,
                  4288190630,
                ]
              }
              fillOpacity={1}
              fillRule={1}
              font={Object {}}
              matrix={
                Array [
                  1,
                  0,
                  0,
                  1,
                  0,
                  0,
                ]
              }
              opacity={1}
              originX={0}
              originY={0}
              propList={
                Array [
                  "fill",
                ]
              }
              rotation={0}
              scaleX={1}
              scaleY={1}
              skewX={0}
              skewY={0}
              stroke={null}
              strokeDasharray={null}
              strokeDashoffset={null}
              strokeLinecap={0}
              strokeLinejoin={0}
              strokeMiterlimit={4}
              strokeOpacity={1}
              strokeWidth={1}
              vectorEffect={0}
              x={0}
              y={0}
            />
          </RNSVGSvgView>
        </View>
        <View
          style={
            Array [
              Object {
                "height": 0,
                "width": 4,
              },
            ]
          }
        />
        Attendance 01
        <View
          style={
            Array [
              Object {
                "height": 0,
                "width": 4,
              },
            ]
          }
        />
        <View
          style={
            Array [
              Object {
                "height": 16,
                "width": 16,
              },
            ]
          }
        >
          <RNSVGSvgView
            bbHeight="100%"
            bbWidth="100%"
            fill="#9898A6"
            focusable={false}
            height="100%"
            style={
              Array [
                Object {
                  "backgroundColor": "transparent",
                  "borderWidth": 0,
                },
                Object {
                  "marginTop": 3,
                },
                Object {
                  "opacity": 1,
                },
                Object {
                  "flex": 0,
                  "height": "100%",
                  "width": "100%",
                },
              ]
            }
            width="100%"
          >
            <RNSVGGroup
              fill={
                Array [
                  0,
                  4288190630,
                ]
              }
              fillOpacity={1}
              fillRule={1}
              font={Object {}}
              matrix={
                Array [
                  1,
                  0,
                  0,
                  1,
                  0,
                  0,
                ]
              }
              opacity={1}
              originX={0}
              originY={0}
              propList={
                Array [
                  "fill",
                ]
              }
              rotation={0}
              scaleX={1}
              scaleY={1}
              skewX={0}
              skewY={0}
              stroke={null}
              strokeDasharray={null}
              strokeDashoffset={null}
              strokeLinecap={0}
              strokeLinejoin={0}
              strokeMiterlimit={4}
              strokeOpacity={1}
              strokeWidth={1}
              vectorEffect={0}
              x={0}
              y={0}
            />
          </RNSVGSvgView>
        </View>
        <View
          style={
            Array [
              Object {
                "height": 0,
                "width": 4,
              },
            ]
          }
        />
        Attendance 02
        <View
          style={
            Array [
              Object {
                "height": 0,
                "width": 4,
              },
            ]
          }
        />
      </Text>
      <View
        style={
          Array [
            Object {
              "alignItems": "center",
              "display": "flex",
              "flexDirection": "row",
              "position": "absolute",
              "right": 0,
              "top": 4,
            },
          ]
        }
      >
        <RNSVGSvgView
          bbHeight={12}
          bbWidth={12}
          fill="#6B6B78"
          focusable={false}
          height={12}
          style={
            Array [
              Object {
                "backgroundColor": "transparent",
                "borderWidth": 0,
              },
              undefined,
              Object {
                "opacity": 1,
              },
              Object {
                "flex": 0,
                "height": 12,
                "width": 12,
              },
            ]
          }
          width={12}
        >
          <RNSVGGroup
            fill={
              Array [
                0,
                4285229944,
              ]
            }
            fillOpacity={1}
            fillRule={1}
            font={Object {}}
            matrix={
              Array [
                1,
                0,
                0,
                1,
                0,
                0,
              ]
            }
            opacity={1}
            originX={0}
            originY={0}
            propList={
              Array [
                "fill",
              ]
            }
            rotation={0}
            scaleX={1}
            scaleY={1}
            skewX={0}
            skewY={0}
            stroke={null}
            strokeDasharray={null}
            strokeDashoffset={null}
            strokeLinecap={0}
            strokeLinejoin={0}
            strokeMiterlimit={4}
            strokeOpacity={1}
            strokeWidth={1}
            vectorEffect={0}
            x={0}
            y={0}
          />
        </RNSVGSvgView>
        <Text
          size="xsmall"
          style={
            Array [
              Object {
                "color": "#6B6B78",
                "fontFamily": "Rubik",
                "fontSize": 12,
                "fontWeight": "500",
                "lineHeight": 16,
                "marginLeft": 4,
              },
            ]
          }
          variant="deep"
        >
          5.0
        </Text>
      </View>
      <Text
        style={
          Array [
            Object {
              "color": "#231B22",
              "fontFamily": "Rubik",
              "fontSize": 16,
              "fontWeight": "500",
              "lineHeight": 24,
              "marginTop": 4,
            },
          ]
        }
      >
        Partner Name
      </Text>
      <Text
        style={
          Array [
            Object {
              "color": "#231B22",
              "fontFamily": "Rubik",
              "fontSize": 14,
              "fontWeight": "400",
              "lineHeight": 20,
            },
          ]
        }
        variant="stamina"
      >
        Activity
      </Text>
      <View
        style={
          Array [
            Object {
              "alignItems": "center",
              "display": "flex",
              "flexDirection": "row",
              "marginTop": 4,
            },
          ]
        }
      >
        <Text
          numberOfLines={1}
          style={
            Array [
              Object {
                "maxWidth": 288,
                "textAlignVertical": "center",
              },
            ]
          }
        >
          <Text
            style={
              Array [
                Object {
                  "color": "#231B22",
                  "fontFamily": "Rubik",
                  "fontSize": 14,
                  "fontWeight": "400",
                  "lineHeight": 20,
                },
              ]
            }
            variant="stamina"
          >
            From 7:30 am to 9:00 pm
          </Text>
        </Text>
      </View>
      <View
        style={
          Array [
            Object {
              "alignItems": "center",
              "display": "flex",
              "flexDirection": "row",
              "marginTop": 4,
            },
          ]
        }
      >
        <Text
          numberOfLines={1}
          style={
            Array [
              Object {
                "maxWidth": 288,
                "textAlignVertical": "center",
              },
            ]
          }
        >
          <Text
            style={
              Array [
                Object {
                  "color": "#6B6B78",
                  "fontFamily": "Rubik",
                  "fontSize": 14,
                  "fontWeight": "400",
                  "lineHeight": 20,
                },
              ]
            }
            variant="deep"
          >
            Yoga
          </Text>
          <View
            style={
              Array [
                Object {
                  "height": 4,
                  "width": 4,
                },
              ]
            }
          />
          <Text
            style={
              Array [
                Object {
                  "color": "#6B6B78",
                  "fontFamily": "Rubik",
                  "fontSize": 14,
                  "fontWeight": "400",
                  "lineHeight": 20,
                  "marginLeft": 4,
                  "marginRight": 4,
                },
              ]
            }
            variant="deep"
          >
            •
          </Text>
          <View
            style={
              Array [
                Object {
                  "height": 4,
                  "width": 4,
                },
              ]
            }
          />
          <Text
            style={
              Array [
                Object {
                  "color": "#6B6B78",
                  "fontFamily": "Rubik",
                  "fontSize": 14,
                  "fontWeight": "400",
                  "lineHeight": 20,
                },
              ]
            }
            variant="deep"
          >
            Meditation
          </Text>
          <View
            style={
              Array [
                Object {
                  "height": 4,
                  "width": 4,
                },
              ]
            }
          />
          <Text
            style={
              Array [
                Object {
                  "color": "#6B6B78",
                  "fontFamily": "Rubik",
                  "fontSize": 14,
                  "fontWeight": "400",
                  "lineHeight": 20,
                  "marginLeft": 4,
                  "marginRight": 4,
                },
              ]
            }
            variant="deep"
          >
            •
          </Text>
          <View
            style={
              Array [
                Object {
                  "height": 4,
                  "width": 4,
                },
              ]
            }
          />
          <Text
            style={
              Array [
                Object {
                  "color": "#6B6B78",
                  "fontFamily": "Rubik",
                  "fontSize": 14,
                  "fontWeight": "400",
                  "lineHeight": 20,
                },
              ]
            }
            variant="deep"
          >
            Pilates
          </Text>
          <View
            style={
              Array [
                Object {
                  "height": 4,
                  "width": 4,
                },
              ]
            }
          />
          <Text
            style={
              Array [
                Object {
                  "color": "#6B6B78",
                  "fontFamily": "Rubik",
                  "fontSize": 14,
                  "fontWeight": "400",
                  "lineHeight": 20,
                  "marginLeft": 4,
                  "marginRight": 4,
                },
              ]
            }
            variant="deep"
          >
            + 
            01
          </Text>
          <View
            style={
              Array [
                Object {
                  "height": 4,
                  "width": 4,
                },
              ]
            }
          />
        </Text>
      </View>
      <ScrollView
        horizontal={true}
        showsHorizontalScrollIndicator={false}
        style={
          Array [
            Object {
              "display": "flex",
              "flexDirection": "row",
              "marginTop": 8,
            },
          ]
        }
      >
        <View
          small={true}
          style={
            Array [
              Object {
                "alignItems": "center",
                "backgroundColor": "#E0DFFF",
                "borderColor": "#E0DFFF",
                "borderRadius": 4,
                "borderWidth": 1,
                "justifyContent": "center",
                "paddingBottom": 0,
                "paddingLeft": 4,
                "paddingRight": 4,
                "paddingTop": 0,
                "width": "auto",
              },
              Object {
                "marginRight": 4,
              },
            ]
          }
          variant="informative"
        >
          <View
            style={
              Array [
                Object {
                  "alignItems": "center",
                  "flexDirection": "row",
                  "justifyContent": "center",
                },
              ]
            }
          >
            <Text
              inverted={false}
              light={false}
              size="medium"
              style={
                Array [
                  Object {
                    "color": "#231B22",
                    "fontFamily": "Rubik",
                    "fontSize": 16,
                    "fontWeight": "400",
                    "lineHeight": 24,
                  },
                  Object {
                    "color": "#231B22",
                    "fontSize": 12,
                    "fontWeight": "500",
                    "lineHeight": 16,
                  },
                ]
              }
            >
              Plan x Product availability
            </Text>
          </View>
        </View>
        <View
          small={true}
          style={
            Array [
              Object {
                "alignItems": "center",
                "backgroundColor": "#FCD6C3",
                "borderColor": "#FCD6C3",
                "borderRadius": 4,
                "borderWidth": 1,
                "justifyContent": "center",
                "paddingBottom": 0,
                "paddingLeft": 4,
                "paddingRight": 4,
                "paddingTop": 0,
                "width": "auto",
              },
              Object {
                "marginRight": 4,
              },
            ]
          }
          variant="attention"
        >
          <View
            style={
              Array [
                Object {
                  "alignItems": "center",
                  "flexDirection": "row",
                  "justifyContent": "center",
                },
              ]
            }
          >
            <Text
              inverted={false}
              light={false}
              size="medium"
              style={
                Array [
                  Object {
                    "color": "#231B22",
                    "fontFamily": "Rubik",
                    "fontSize": 16,
                    "fontWeight": "400",
                    "lineHeight": 24,
                  },
                  Object {
                    "color": "#231B22",
                    "fontSize": 12,
                    "fontWeight": "500",
                    "lineHeight": 16,
                  },
                ]
              }
            >
              Restriction
            </Text>
          </View>
        </View>
      </ScrollView>
      <TouchableWithoutFeedback
        style={
          Array [
            Object {
              "marginTop": 8,
            },
          ]
        }
      >
        <View
          style={
            Object {
              "flexDirection": "row",
            }
          }
        >
          <Text
            disabled={false}
            pressed={false}
            secondary={false}
            style={
              Array [
                Object {
                  "color": "#D8385E",
                  "fontFamily": "Rubik",
                  "fontSize": 16,
                  "fontWeight": "500",
                  "textAlign": "center",
                },
                Object {
                  "marginTop": 8,
                },
              ]
            }
          >
            Link Button
          </Text>
        </View>
      </TouchableWithoutFeedback>
    </View>
  </View>
</View>
`;
