// Jest Snapshot v1, https://goo.gl/fbAQLP

exports[`<Snackbar /> should match snapshot 1`] = `
.c3 {
  margin: 0;
  padding: 0;
  font-size: 14px;
  line-height: 20px;
  font-weight: 400;
  font-family: Rubik;
  color: #231B22;
  display: -webkit-box;
  -webkit-box-orient: vertical;
  -webkit-line-clamp: 2;
  overflow: hidden;
}

.c1 {
  margin-right: 16px;
  display: -webkit-box;
  display: -webkit-flex;
  display: -ms-flexbox;
  display: flex;
  -webkit-align-items: center;
  -webkit-box-align: center;
  -ms-flex-align: center;
  align-items: center;
}

.c2 {
  width: 24px;
  height: 24px;
}

.c4 {
  margin-right: 16px;
  -webkit-flex: 1;
  -ms-flex: 1;
  flex: 1;
}

.c5 {
  display: -webkit-box;
  display: -webkit-flex;
  display: -ms-flexbox;
  display: flex;
  -webkit-align-items: center;
  -webkit-box-align: center;
  -ms-flex-align: center;
  align-items: center;
}

.c5 svg {
  margin-left: 16px;
  margin-right: 0;
}

.c0 {
  display: -webkit-box;
  display: -webkit-flex;
  display: -ms-flexbox;
  display: flex;
  -webkit-align-items: center;
  -webkit-box-align: center;
  -ms-flex-align: center;
  align-items: center;
  -webkit-box-pack: justify;
  -webkit-justify-content: space-between;
  -ms-flex-pack: justify;
  justify-content: space-between;
  position: absolute;
  bottom: 16px;
  right: 16px;
  left: 16px;
  min-width: 320px;
  max-width: 600px;
  min-height: 56px;
  max-height: 72px;
  padding: 16px;
  border-radius: 8px;
  box-shadow: 0 2px 4px -1px rgba(152,152,166,0.2),0 4px 5px 0px rgba(152,152,166,0.14),0 1px 10px 0px rgba(152,152,166,0.12);
  background-color: #C1EEDB;
  z-index: 100;
  -webkit-animation: bcCCNc 0.2s ease-in-out;
  animation: bcCCNc 0.2s ease-in-out;
}

@media (min-width:768px) {
  .c0 {
    left: auto;
    bottom: 40px;
    right: 40px;
    min-width: 400px;
  }
}

<div>
  <div
    aria-label="success"
    class="c0"
    role="alert"
  >
    <div
      class="c1"
      display="flex"
      role="img"
    >
      <svg
        class="c2"
        fill="#231B22"
        height="24"
        width="24"
      />
    </div>
    <p
      class="c3 c4"
    >
      Make wellbeing universal
    </p>
    <aside
      class="c5"
    />
  </div>
</div>
`;
